[   0.0000Initiazingcgup subsy cust
[    0.000000] Initializing cgroup subsys cpu
[    0.000000] Initializing cgroup subsys cpuacct
[    0.000000] Linux version 4.4.0-173-generic (buildd@lgw01-amd64-037) (gcc version 5.4.0 20160609 (Ubuntu 5.4.0-6ubuntu1~16.04.12) ) #203-Ubuntu SMP Wed Jan 15 02:55: U 220 (un 4.4-1.23-geri4.4.8)[    0000] Cma lne: OTMAGEbo/vlinuz-4.173-nec oot=BEclouimg-rotfs  csoletycosole=tty
    0000] KEELuppoedcps:
[   0.000000]   Intel GenuineIntel
[    0.000000]   AMD AuthenticAMD
[    0.000000]   Centaur CentaurHauls
[    0.000000] x86/fpu: xstate_offset[2]:  576, xstate_sizes[2]:  256
  .00000x8/fpu Spoing XSVEeaure x0 '7 floainpont rgier
[   0.000] x6/u:upportngSAE fetu 02: 'E regiters
[  .00000 x/fpu Spoing AVfeture 0x04: 'AVX registers'
[    0.000000] x86/fpu: EEnabled xstate features 0x7, context size is 832 bytes, using 'standard' format.
[    0.000000] e820: BIOS-provided physical RAM map:
[    0.000000] BIOS-e820: [mem 0x0000000000000000-0x000000000009fbff] usable
[    0.000000] BIOS-e820: [mem 0x000000000009fc00-0x000000000009ffff] reserved
[    0.000000] BIOS-e820: [mem 0x00000000000f0000-0x00000000000fffff] reserved
  .00000] BIOS-e820: [mem 0x0000000000100000-0x000000003ffeffff] usable
[    0.000000] BIOS-e820: [mem 0x000000003fff0000-0x000000003fffffff] ACPI data
[    0.000000] BIOS-e820: [mem 0x00000000fec00000-0x00000000fec00fff] reserved
[    0.000000] BIOS-e820: [mem 0x00000000fee00000-0x00000000fee00fff] reserved
[    0.000000] BIOS-e820: [mem 0x00000000fffc0000-0x00000000ffffffff] reserved
[    0.000000] NX (Execute Disable) protection: active
[    0.000000] SMBIOS 2.5 present.
[    0.000000] Hypervisor detected: KVM
[    0.000000] e820: last_pfn = 0x3fff0 max_arch_pfn = 0x400000000
[    0.000000] MTRR: Disabled
[    0.000000] x86/PAT: MTRRs disabled, skipping PAT initialization too.
[    0.000000] CPU MTRRs all blank - virtualized system.
[    0.000000] x86/PAT: Configuration [0-7]: WB  WT  UC- UC  WB  WT  UC- UC  
[    0.000000] found SMP MP-table at [mem 0x0009fff0-0x0009ffff] mapped at [ffff88000009fff0]
[    0.000000] Scanning 1 areas for low memory corruption
[    0.000000] RAMDISK: [mem 0x361ce000-0x370defff]
[    0.000000] ACPI: Early table checksum verification disabled
[    0.000000] ACPI: RSDP 0x00000000000E0000 000024 (v02 VBOX  )
[    0.000000] ACPI: XSDT 0x0000003FFF030003C (v1 VBX VBOXDT000001SL000061
[   0000] AI:AC 0x00003FF0F000F4 (v VOX   VXFP 00001 ASL 0006)
[  0000] PI DSD0x00003F040 00FFv02 OX VOXBI 000002 NTL 20180105)
[    0.0000] CPI: FACS 0x000000003FFF0200 000040
[    0.000000] ACPI: FACS 0x000000003FFF0200 000040
[    0.000000] ACPI: APIC 0x000000003FFF0240 00005C (v02 VBOX   VBOXAPIC 00000001 ASL  00000061)
[    0.000000] ACPI: SSDT 0x000000003FFF02A0 0001CC (v01 VBOX   VBOXCPUT 00000002 INTL 20180105)
[    0.000000] No NUMA configuration found
[    0.000000] Faking a node at [mem 0x0000000000000000-0x000000003ffeffff]
[    0.000000] NODE_DATA(0) allocated [mem 0x3ffeb000-0x3ffeffff]
[    0.000000] kvm-clock: Using msrs 4b564d01 and 4b564d00
[    0.000000] kvm-clock: cpu 0, msr 0:3ffe3001, primary cpu clock
[    0.000000] kvm-clock: using sched offset of 3078132218 cycles
[    0.000000] clocksource: kvm-clock: mask: 0xffffffffffffffff max_cycles: 0x1cd42e4dffb, max_idle_ns: 881590591483 ns
[    0.000000] Zone ranges:
[    0.000000]   DMA      [mem 0x0000000000001000-0x0000000000ffffff]
[    0.000000]   DMA32    [mem 0x0000000001000000-0x000000003ffefffff]
[    0.000000]   Normal   empty
[    0.000000]   Device   empty
[    0.000000] Movable zone start for each node
[    0.000000] Early memory node ranges
[    0.000000]   node   0: [mem 0x0000000000001000-0x000000000009efff]
[    0.000000]   node   0: [mem 0x0000000000100000-0x000000003ffeffff]
[    0.000000] Initmem setup node 0 [mem 0x0000000000001000-0x000000003ffeffff]
[    0.000000] ACPI: PM-Timer IO Port: 0x4008
[    0.000000] IOAPIC[0]: apic_id 2, version 32, address 0xfec00000, GSI 0-23
[    0.000000] ACPI: INT_SRC_OVR (bus 0 bus_irq 0 global_irq 2 dfl dfl)
[    0.000000] ACPI: INT_SRC_OVR (bus 0 bus_irq 9 global_irq 9 low level)
[    0.000000] Using ACPI (MADT) for SMP configuration information
[    0.000000] smpboot: Allowing 2 CPUs, 0 hotplug CPUs
[    0.000000] PM: Registered nosave memory: [mem 0x00000000-0x00000fff]
[    0.000000] PM: Registered nosave memory: [mem 0x0009f000-0x0009ffff]
[    0.000000] PM: Registered nosave memory: [mem 0x000a0000-0x000effff]
[    0.000000] PM: Registered nosave memory: [mem 0x000f0000-0x000fffff]
[    0.000000] e820: [mem 0x40000000-0xfebfffff] available for PCI devices
[    0.000000] Booting paravirtualized kernel on KVM
[    0.000000] clocksource: refined-jiffies: mask: 0xffffffff max_cycles: 0xffffffff, max_idle_ns: 7645519600211568 ns
[    0.000000] setup_percpu: NR_CPUS:512 nr_cpumask_bits:512 nr_cpu_ids:2 nr_node_ids:1
[    0.000000] PERCPU: Embedded 33 pages/cpu @ffff88003fc00000 s95448 r8192 d31528 u1048576
[    0.000000] Built 1 zonelists in Node order, mobility grouping on.  Total pages: 257912
[    0.000000] Policy zone: DMA32
[    0.000000] Kernel command line: BOOT_IMAGE=/boot/vmlinuz-4.4.0-173-generic root=LABEL=cloudimg-rootfs ro console=tty1 console=ttyS0
[    0.000000] PID hash table entries: 4096 (order: 3, 32768 bytes)
[    0.000000] Memory: 997124K/1048120K available (8626K kernel code, 1336K rwdata, 4032K rodata, 1488K init, 1292K bss, 50996K reserved, 0K cma-reserved)
[    0.000000] SLUB: HWalign=64, Order=0-3, MinObjects=0, CPUs=2, Nodes=1
[    0.000000] Kernel/User page tables isolation: enabled
[    0.000000] Hierarchical RCU implementation.
[    0.000000] 	Build-time adjustment of leaf fanout to 64.
[    0.000000] 	RCU restricting CPUs from NR_CPUS=512 to nr_cpu_ids=2.
[    0.000000] RCU: Adjusting geometry for rcu_fanout_leaf=64, nr_cpu_ids=2
[    0.000000] NR_IRQS:33024 nr_irqs:440 16
[    0.000000] Console: colour VGA+ 80x25
[    0.000000] console [tty1] enabled
[    0.000000] console [ttyS0] enabled
[    0.000000] tsc: Detected 2207.998 MHz processor
[    3.459306] Calibrating delay loop (skipped) preset value.. 4415.99 BogoMIPS (lpj=8831992)
[    3.460669] pid_max: default: 32768 minimum: 301
[    3.461404] ACPI: Core revision 20150930
[    3.462820] ACPI: 2 ACPI AML tables successfully acquired and loaded
[    3.463862] Security Framework initialized
[    3.464539] Yama: becoming mindful.
[    3.465151] AppArmor: AppArmor initialized
[    3.465882] Dentry cache hash table entries: 131072 (order: 8, 1048576 bytes)
[    3.467375] Inode-cache hash table entries: 65536 (order: 7, 524288 bytes)
[    3.471606] Mount-cache hash table entries: 2048 (order: 2, 16384 bytes)
[    3.472583] Mountpoint-cache hash table entries: 2048 (order: 2, 16384 bytes)
[    3.473717] Initializing cgroup subsys io
[    3.474383] Initializing cgroup subsys memory
[    3.475107] Initializing cgroup subsys devices
[    3.475820] Initializing cgroup subsys freezer
[    3.476536] Initializing cgroup subsys net_cls
[    3.477246] Initializing cgroup subsys perf_event
[    3.477987] Initializing cgroup subsys net_prio
[    3.478717] Initializing cgroup subsys hugetlb
[    3.479430] Initializing cgroup subsys pids
[    3.481748] mce: CPU supports 0 MCE banks
[    3.482461] Last level iTLB entries: 4KB 64, 2MB 8, 4MB 8
[    3.483300] Last level dTLB entries: 4KB 64, 2MB 0, 4MB 0, 1GB 4
[    3.484197] Spectre V1 : Mitigation: usercopy/swapgs barriers and __user pointer sanitization
[    3.485533] Spectre V2 : Mitigation: Full generic retpoline
[    3.486371] Spectre V2 : Spectre v2 / SpectreRSB mitigation: Filling RSB on context switch
[    3.487700] Speculative Store Bypass: Vulnerable
[    3.488493] MDS: Vulnerable: Clear CPU buffers attempted, no microcode
[    3.491422] Freeing SMP alternatives memory: 36K
[    3.496710] ftrace: allocating 32304 entries in 127 pages
[    3.546646] smpboot: APIC(0) Converting physical 0 to logical package 0
[    3.564607] smpboot: Max logical packages: 1
[    3.565523] x2apic enabled
[    3.566224] Switched APIC routing to physical x2apic.
[    3.569097] ..TIMER: vector=0x30 apic1=0 pin1=2 apic2=-1 pin2=-1
[    3.678067] smpboot: CPU0: Intel(R) Core(TM) i5-7260U CPU @ 2.20GHz (family: 0x6, model: 0x8e, stepping: 0x9)
[    3.679725] Performance Events: unsupported p6 CPU model 142 no PMU driver, software events only.
[    3.690299] KVM setup paravirtual spinlock
[    3.691570] x86: Booting SMP configuration:
[    3.692260] .... node  #0, CPUs:      #1
[    3.693020] kvm-clock: cpu 1, msr 0:3ffe3041, secondary cpu clock
[    3.696262] mce: CPU supports 0 MCE banks
[    3.698599] x86: Booted up 1 node, 2 CPUs
[    3.699429] smpboot: Total of 2 processors activated (8831.99 BogoMIPS)
[    3.700720] devtmpfs: initialized
[    3.702591] evm: security.selinux
[    3.703204] evm: security.SMACK64
[    3.703788] evm: security.SMACK64EXEC
[    3.704409] evm: security.SMACK64TRANSMUTE
[    3.705090] evm: security.SMACK64MMAP
[    3.705711] evm: security.ima
[    3.706254] evm: security.capability
[    3.707040] clocksource: jiffies: mask: 0xffffffff max_cycles: 0xffffffff, max_idle_ns: 7645041785100000 ns
[    3.708521] futex hash table entries: 512 (order: 3, 32768 bytes)
[    3.709536] pinctrl core: initialized pinctrl subsystem
[    3.710432] RTC time:  8:03:16, date: 02/13/20
[    3.711327] NET: Registered protocol family 16
[    3.721758] cpuidle: using governor ladder
[    3.734008] cpuidle: using governor menu
[    3.735764] PCCT header not found.
[    3.736414] ACPI: bus type PCI registered
[    3.737093] acpiphp: ACPI Hot Plug PCI Controller Driver version: 0.5
[    3.738143] PCI: Using configuration type 1 for base access
[    3.750635] ACPI: Added _OSI(Module Device)
[    3.793771] ACPI: Added _OSI(Processor Device)
[    3.842450] ACPI: Added _OSI(3.0 _SCP Extensions)
[    3.843218] ACPI: Added _OSI(Processor Aggregator Device)
[    3.844598] ACPI: Executed 1 blocks of module-level executable AML code
[    3.847323] ACPI: Interpreter enabled
[    3.884526] ACPI: (supports S0 S5)
[    3.904336] ACPI: Using IOAPIC for interrupt routing
[    3.905236] PCI: Using host bridge windows from ACPI; if necessary, use "pci=nocrs" and report a bug
[    3.909340] ACPI: PCI Root Bridge [PCI0] (domain 0000 [bus 00-ff])
[    3.910278] acpi PNP0A03:00: _OSC: OS supports [ASPM ClockPM Segments MSI]
[    3.911279] acpi PNP0A03:00: _OSC: not requesting OS control; OS requires [ExtendedConfig ASPM ClockPM MSI]
[    3.912763] acpi PNP0A03:00: fail to add MMCONFIG information, can't access extended PCI configuration space under this bridge.
[    3.914638] PCI host bridge to bus 0000:00
[    3.982350] pci_bus 0000:00: root bus resource [io  0x0000-0x0cf7 window]
[    4.063260] pci_bus 0000:00: root bus resource [io  0x0d00-0xffff window]
[    4.146208] pci_bus 0000:00: root bus resource [mem 0x000a0000-0x000bffff window]
[    4.242237] pci_bus 0000:00: root bus resource [mem 0x40000000-0xfdffffff window]
[    4.254976] pci_bus 0000:00: root bus resource [bus 00-ff]
[    4.256992] pci 0000:00:01.1: legacy IDE quirk: reg 0x10: [io  0x01f0-0x01f7]
[    4.259107] pci 0000:00:01.1: legacy IDE quirk: reg 0x14: [io  0x03f6]
[    4.260080] pci 0000:00:01.1: legacy IDE quirk: reg 0x18: [io  0x0170-0x0177]
[    4.261121] pci 0000:00:01.1: legacy IDE quirk: reg 0x1c: [io  0x0376]
[    4.281389] pci 0000:00:07.0: quirk: [io  0x4000-0x403f] claimed by PIIX4 ACPI
[    4.287909] pci 0000:00:07.0: quirk: [io  0x4100-0x410f] claimed by PIIX4 SMB
[    4.295494] ACPI: PCI Interrupt Link [LNKA] (IRQs 5 9 10 *11)
[    4.356046] ACPI: PCI Interrupt Link [LNKB] (IRQs 5 9 *10 11)
[    4.357289] ACPI: PCI Interrupt Link [LNKC] (IRQs 5 *9 10 11)
[    4.358534] ACPI: PCI Interrupt Link [LNKD] (IRQs 5 9 10 *11)
[    4.359804] ACPI: Enabled 2 GPEs in block 00 to 07
[    4.360936] vgaarb: setting as boot device: PCI:0000:00:02.0
[    4.361818] vgaarb: device added: PCI:0000:00:02.0,decodes=io+mem,owns=io+mem,locks=none
[    4.363143] vgaarb: loaded
[    4.363670] vgaarb: bridge control possible 0000:00:02.0
[    4.364680] SCSI subsystem initialized
[    4.366505] ACPI: bus type USB registered
[    4.367204] usbcore: registered new interface driver usbfs
[    4.368066] usbcore: registered new interface driver hub
[    4.368904] usbcore: registered new device driver usb
[    4.369953] PCI: Using ACPI for IRQ routing
[    4.370879] NetLabel: Initializing
[    4.371494] NetLabel:  domain hash size = 128
[    4.372209] NetLabel:  protocols = UNLABELED CIPSOv4
[    4.373336] NetLabel:  unlabeled traffic allowed by default
[    4.375453] amd_nb: Cannot enumerate AMD northbridges
[    4.431038] clocksource: Switched to clocksource kvm-clock
[    4.437075] AppArmor: AppArmor Filesystem Enabled
[   4.476242] pnp: PnP ACPI init
[    4.498476] pnp: PnP ACPI: found 3 devices

[  4075]losoceac_p mk: 0xffffff max_cycles: 0xffffff max_idle_ns: 2085701024 ns
[    5.051596] NET: Registered protocol family 2

[    5.053085] TCP established hash table entries: 8192 (order: 4, 65536 bytes)
[    5.054289] TCP bind hash table entries: 8192 (order: 5, 131072 bytes)
[    5.055258] TCP: Hash tables configured (established 8192 bind 8192)
[    5.056203] UDP hash table entries: 512 (order: 2, 16384 bytes)
[    5.057090] UDP-Lite hash table entries: 512 (order: 2, 16384 bytes)
[    5.058059] NET: Registered protocol family 1
[    5.058779] pci 0000:00:00.0: Limiting direct PCI/PCI transfers
[    5.059693] pci 0000:00:01.0: Activating ISA DMA hang workarounds
[    5.060691] Unpacking initramfs...
[  5.242306] Freeing initrd memory: 15428K
[    5.285262] clocksource: tsc: mask: 0xffffffffffffffff max_cycles: 0x1fd3b6211b4, max_idle_ns: 440795230313 ns
[    5.286853] platform rtc_cmos: registered platform RTC device (no PNP device found)
[    5.288165] Scanning for low memory corruption every 60 seconds

[    5.289523] audit: initializing netlink subsys (disabled)
[    5.290266] audit: type=2000 audit(1581580999.390:1): initialized
[    5.291280] Initialise system trusted keyring
[    5.292105] HugeTLB registered 2 MB page size, pre-allocated 0 pages
[    5.293986] zbud: loaded
[    5.294809] VFS: Disk quotas dquot_6.6.0
[    5.295439] VFS: Dquot-cache hash table entries: 512 (order 0, 4096 bytes)
[    5.296495] squashfs: version 4.0 (2009/01/31) Phillip Lougher
[    5.297458] fuse init (API version 7.23)
[    5.298140] Key type big_key registered
[    5.298737] Allocating IMA MOK and blacklist keyrings.
[    5.300081] Key type asymmetric registered
[    5.300683] Asymmetric key parser 'x509' registered
[    5.301381] Block layer SCSI generic (bsg) driver version 0.4 loaded (major 249)
[    5.302498] io scheduler noop registered
[    5.303081] io scheduler deadline registered (default)
[    5.303826] io scheduler cfq registered
[    5.304481] pci_hotplug: PCI Hot Plug PCI Core version: 0.5
[    5.305221] pciehp: PCI Express Hot Plug Controller Driver version: 0.4
[    5.306150] ACPI: AC Adapter [AC] (on-line)
[    5.306803] input: Power Button as /devices/LNXSYSTM:00/LNXPWRBN:00/input/input0
[    5.307885] ACPI: Power Button [PWRF]
[    5.308506] input: Sleep Button as /devices/LNXSYSTM:00/LNXSLPBN:00/input/input1
[    5.309575] ACPI: Sleep Button [SLPF]
[    5.310256] GHES: HEST is not enabled!
[    5.310903] Serial: 8250/16550 driver, 32 ports, IRQ sharing enabled
[    5.333057] 00:02: ttyS0 at I/O 0x3f8 (irq = 4, base_baud = 115200) is a 16550A
[    5.338360] Linux agpgart interface v0.103
[   553300478] loop: module loaded
[    5.490162] scsi host0: ata_piix
[    5.491022] scsi host1: ata_piix
[    5.491687] ata1: PATA max UDMA/33 cmd 0x1f0 ctl 0x3f6 bmdma 0xd000 irq 14
[    5.492549] ata2: PATA max UDMA/33 cmd 0x170 ctl 0x376 bmdma 0xd008 irq 15
[    5.493489] libphy: Fixed MDIO Bus: probed
[    5.494117] tun: Universal TUN/TAP device driver, 1.6
[    5.494824] tun: (C) 1999-2004 Max Krasnyansky <maxk@qualcomm.com>
[    5.536651] PPP generic driver version 2.4.2
[    5.537361] ehci_hcd: USB 2.0 'Enhanced' Host Controller (EHCI) Driver
[    5.538195] ehci-pci: EHCI PCI platform driver
[    5.538835] ehci-platform: EHCI generic platform driver
[    5.540611] ohci_hcd: USB 1.1 'Open' Host Controller (OHCI) Driver
[    5.541409] ohci-pci: OHCI PCI platform driver
[    5.542043] ohci-platform: OHCI generic platform driver
[    5.542789] uhci_hcd: USB Universal Host Controller Interface driver
[    5.543943] i8042: PNP: PS/2 Controller [PNP0303:PS2K,PNP0f03:PS2M] at 0x60,0x64 irq 1,12
[    5.554005] serio: i8042 KBD port at 0x60,0x64 irq 1
[    5.554783] serio: i8042 AUX pt at 0x60,0x64 irq 12

[    5.598075] mousedev: PS/2 mouse device common for all mice
[    5.599250] input: AT Translated Set 2 keyboard as /devices/platform/i8042/serio0/input/input2
[    5.601013] rtc_cmos rtc_cmos: rtc core: registered rtc_cmos as rtc0
[    5.601980] rtc_cmos rtc_cmos: alarms up to one day, 114 bytes nvram
[    5.602907] i2c /dev entries driver
[    5.608892] device-mapper: uevent: version 1.0.3
[    5.609711] device-mapper: ioctl: 4.34.0-ioctl (2015-10-28) initialised: dm-devel@redhat.com
[    5.611053] ledtrig-cpu: registered to indicate activity on CPUs
[    5.612424] NET: Registered protocol family 10
[    5.613341] NET: Registered protocol family 17
[    5.614068] Key type dns_resolver registered
[    5.615129] registered taskstats version 1
[    5.615819] Loading compiled-in X.509 certificates
[    5.617052] Loaded X.509 cert 'Build time autogenerated kernel key: 4e6a82653c7e3a258f066f23f1954299de63b157'
[    5.618552] zswap: loaded using pool lzo/zbud
[    5.620692] Key type trusted registered
[    5.626039] Key type encrypted registered
[    5.626707] AppArmor: AppArmor sha1 policy hashing enabled
[    5.627560] ima: No TPM chip found, activating TPM-bypass!
[    5.628393] ima: Allocated hash algorithm: sha1
[    5.629121] evm: HMAC attrs: 0x1
[    5.629904]   Magic number: 8:311:68
[    5.630584] rtc_cmos rtc_cmos: setting system clock to 2020-02-13 08:03:18 UTC (1581580998)
[    5.632055] BIOS EDD facility v0.16 2004-Jun-25, 0 devices found
[    5.632943] EDD information not available.
[    5.652073] Freeing unused kernel memory: 1488K
[    5.655768] Write protecting the kernel read-only data: 14336k
[    5.656985] Freeing unused kernel memory: 1604K
[    5.657831] Freeing unused kernel memory: 64K
Loading, please wait...
starting version[    5.668338] random: systemd-udevd: uninitialized urandom read (16 bytes read, 3 bits of entropy available)
 229
[    5.668828] random: udevadm: uninitialized urandom read (16 bytes read, 3 bits of entropy available)
[    5.668846] random: udevadm: uninitialized urandom read (16 bytes read, 3 bits of entropy available)
[    5.674967] random: udevadm: uninitialized urandom read (16 bytes read, 3 bits of entropy available)
[    5.675002] random: udevadm: uninitialized urandom read (16 bytes read, 3 bits of entropy available)
[    5.675110] random: udevadm: uninitialized urandom read (16 bytes read, 3 bits of entropy available)
[    5.675149] random: udevadm: uninitialized urandom read (16 bytes read, 3 bits of entropy available)
[    5.675187] random: udevadm: uninitialized urandom read (16 bytes read, 3 bits of entropy available)
[    5.675226] random: udevadm: uninitialized urandom read (16 bytes read, 3 bits of entropy available)
[    5.675264] random: udevadm: uninitialized urandom read (16 bytes read, 3 bits of entropy available)
[    5.739538] e1000: Intel(R) PRO/1000 Network Driver - version 7.3.21-k8-NAPI
[    6.091096] e1000: Copyright (c) 1999-2006 Intel Corporation.
[    6.257253] Fusion MPT base driver 3.04.20
[    6.414496] Copyright (c) 1999-2008 LSI Corporation
[    6.418955] Fusion MPT SPI Host driver 3.04.20
[    6.600254] AVX2 version of gcm_enc/dec engaged.
[    6.606193] AES CTR mode by8 optimization enabled
[    6.826825] input: ImExPS/2 Generic Explorer Mouse as /devices/platform/i8042/serio1/input/input4
[    6.921982] e1000 0000:00:03.0 eth0: (PCI:33MHz:32-bit) 02:bb:f4:57:e9:87
[    6.922880] e1000 0000:00:03.0 eth0: Intel(R) PRO/1000 Network Connection
[    6.924321] mptbase: ioc0: Initiating bringup
[    7.314629] ioc0: LSI53C1030 A0: Capabilities={Initiator}
[    8.069299] scsi host2: ioc0: LSI53C1030 A0, FwRev=00000000h, Ports=1, MaxQ=256, IRQ=20
[    8.907822] scsi 2:0:0:0: Direct-Access     VBOX     HARDDISK         1.0  PQ: 0 ANSI: 5
[    9.315540] scsi target2:0:0: Beginning Domain Validation
[    9.455948] scsi target2:0:0: Domain Validation skipping write tests
[    9.456760] scsi target2:0:0: Ending Domain Validation
[    9.457481] scsi target2:0:0: asynchronous
[    9.458313] scsi 2:0:1:0: Direct-Access     VBOX     HARDDISK         1.0  PQ: 0 ANSI: 5
[    9.459557] scsi target2:0:1: Beginning Domain Validation
[    9.460975] scsi target2:0:1: Domain Validation skipping write tests
[    9.461931] scsi target2:0:1: Ending Domain Validation
[    9.462780] scsi target2:0:1: asynchronous
[    9.487990] sd 2:0:0:0: Attached scsi generic sg0 type 0
[    9.489921] sd 2:0:0:0: [sda] 20971520 512-byte logical blocks: (10.7 GB/10.0 GiB)
[    9.500827] sd 2:0:1:0: [sdb] 20480 512-byte logical blocks: (10.5 MB/10.0 MiB)
[    9.574559] sd 2:0:1:0: Attached scsi generic sg1 type 0
[    9.575574] sd 2:0:0:0: [sda] Write Protect is off
[    9.576298] sd 2:0:1:0: [sdb] Write Protect is off
[    9.577048] sd 2:0:0:0: [sda] Incomplete mode parameter data
[    9.577835] sd 2:0:0:0: [sda] Assuming drive cache: write through
[    9.578700] sd 2:0:1:0: [sdb] Incomplete mode parameter data
[    9.579518] sd 2:0:1:0: [sdb] Assuming drive cache: write through
[    9.581272]  sda: sda1
[    9.596321] sd 2:0:0:0: [sda] Attached SCSI disk
[    9.625436] sd 2:0:1:0: [sdb] Attached SCSI disk
[    9.766501] e1000 0000:00:08.0 eth1: (PCI:33MHz:32-bit) 08:00:27:26:e9:d8
[    9.809424] e1000 0000:00:08.0 eth1: Intel(R) PRO/1000 Network Connection
[    9.811006] e1000 0000:00:03.0 enp0s3: renamed from eth0
[    9.859066] e1000 0000:00:08.0 enp0s8: renamed from eth1
Begin: Loading e[   11.170682] md: linear personality registered for level -1
ssential drivers ... [   11.235098] md: multipath personality registered for level -4
[   11.239274] md: raid0 personality registered for level 0
[   11.302434] md: raid1 personality registered for level 1
[   11.441004] raid6: sse2x1   gen() 12985 MB/s
[   11.571188] raid6: sse2x1   xor()  9107 MB/s
[   11.651266] raid6: sse2x2   gen() 14971 MB/s
[   11.787360] raid6: sse2x2   xor() 10045 MB/s
[   11.911632] raid6: sse2x4   gen() 17741 MB/s
[   12.001741] raid6: sse2x4   xor()  9322 MB/s
[   12.091735] raid6: avx2x1   gen() 20078 MB/s
[   12.191975] raid6: avx2x2   gen() 23601 MB/s
[   12.272033] raid6: avx2x4   gen() 26306 MB/s
[   12.282654] raid6: using algorithm avx2x4 gen() 26306 MB/s
[   12.283398] raid6: using avx2x2 recovery algorithm
[   12.285284] xor: automatically using best checksumming function:
[   12.335054]    avx       : 24478.000 MB/sec
[   12.340695] async_tx: api initialized (async)
[   12.351914] md: raid6 personality registered for level 6
[   12.363662] md: raid5 personality registered for level 5
[   12.364658] md: raid4 personality registered for level 4
[   12.371348] md: raid10 personality registered for level 10
done.
Begin: Running /scripts/init-premount ... done.
Begin: Mounting [   12.426478] Btrfs loaded
root file system ... Begin: Running /scripts/local-top ... done.
Begin: Running /scripts/local-premount ... Scanning for Btrfs filesystems
done.
Warning: fsck no[   12.577310] EXT4-fs (sda1): INFO: recovery required on readonly filesystem
t present, so skipping root file system
[   12.677090] EXT4-fs (sda1): write access will be enabled during recovery
[   12.704759] EXT4-fs (sda1): orphan cleanup on readonly fs
[   12.916420] EXT4-fs (sda1): 6 orphan inodes deleted
[   13.348409] EXT4-fs (sda1): recovery complete
[   13.350156] EXT4-fs (sda1): mounted filesystem with ordered data mode. Opts: (null)
done.
Begin: Running /scripts/local-bottom ... done.
Begin: Running /scripts/init-bottom ... done.
[   13.463921] systemd[1]: systemd 229 running in system mode. (+PAM +AUDIT +SELINUX +IMA +APPARMOR +SMACK +SYSVINIT +UTMP +LIBCRYPTSETUP +GCRYPT +GNUTLS +ACL +XZ -LZ4 +SECCOMP +BLKID +ELFUTILS +KMOD -IDN)
[   13.653172] systemd[1]: Detected virtualization oracle.
[   13.707423] systemd[1]: Detected architecture x86-64.

Welcome to [1mUbuntu 16.04.6 LTS[0m!

[   13.772572] systemd[1]: Set hostname to <ubuntu-xenial>.
[   13.919577] random: nonblocking pool is initialized
[   13.992723] systemd[1]: Reached target User and Group Name Lookups.
[[0;32m  OK  [0m] Reached target User and Group Name Lookups.
[   14.016914] systemd[1]: Listening on udev Kernel Socket.
[[0;32m  OK  [0m] Listening on udev Kernel Socket.
[   14.018714] systemd[1]: Listening on Journal Socket (/dev/log).
[[0;32m  OK  [0m] Listening on Journal Socket (/dev/log).
[   14.020648] systemd[1]: Listening on udev Control Socket.
[[0;32m  OK  [0m] Listening on udev Control Socket.
[   14.022657] systemd[1]: Created slice User and Session Slice.
[[0;32m  OK  [0m] Created slice User and Session Slice.
[   14.025645] systemd[1]: Listening on Journal Socket.
[[0;32m  OK  [0m] Listening on Journal Socket.
[   14.035195] systemd[1]: Reached target System Time Synchronized.
[[0;32m  OK  [0m] Reached target System Time Synchronized.
[   14.057410] systemd[1]: Listening on Journal Audit Socket.
[[0;32m  OK  [0m] Listening on Journal Audit Socket.
[   14.085772] systemd[1]: Started Forward Password Requests to Wall Directory Watch.
[[0;32m  OK  [0m] Started Forward Password Requests to Wall Directory Watch.
[   14.088264] systemd[1]: Set up automount Arbitrary Executable File Formats File System Automount Point.
[[0;32m  OK  [0m] Set up automount Arbitrary Executab...ats File System Automount Point.
[   14.090926] systemd[1]: Reached target Encrypted Volumes.
[[0;32m  OK  [0m] Reached target Encrypted Volumes.
[   14.099252] systemd[1]: Listening on /dev/initctl Compatibility Named Pipe.
[[0;32m  OK  [0m] Listening on /dev/initctl Compatibility Named Pipe.
[   14.109257] systemd[1]: Created slice System Slice.
[[0;32m  OK  [0m] Created slice System Slice.
[   14.111161] systemd[1]: Created slice system-serial\x2dgetty.slice.
[[0;32m  OK  [0m] Created slice system-serial\x2dgetty.slice.
[   14.123475] systemd[1]: Starting Remount Root and Kernel File Systems...
         Starting Remount Root and Kernel File Systems...
[   14.133473] systemd[1]: Starting Uncomplicated firewall...
         Starting Uncompl[   14.142600] EXT4-fs (sda1): re-mounted. Opts: (null)
icated firewall...
[   14.176349] systemd[1]: Starting Load Kernel Modules...
         Starting Load Kernel Modules...
[   14.199223] systemd[1]: Mounting Huge Pages File System...
         Mounting Huge Pages File System...
[   14.206942] systemd[1]: Starting Set console keymap...
         [   14.208224] Loading iSCSI transport class v2.0-870.
Starting Set console keymap...
[   14.210322] systemd[1]: Reached target Slices.
[[0;32m  OK  [0m] Reached target Slices.
[   14.217963] systemd[1]: Starting Nameserver information manager...
         [   14.426314] iscsi: registered transport (tcp)
Starting Nameserver information manager...
[   14.430752] systemd[1]: Listening on LVM2 metadata daemon socket.
[[0;32m  OK  [0m] Listening on LVM2 metadata daemon socket.
[   14.437424] systemd[1]: Listening on Device-mapper event daemon FIFOs.
[[0;32m  OK  [0m] Listening on Device-mapper event daemon FIFOs.
[   14.441698] systemd[1]: Starting Monitoring of LVM2 mirrors, snapshots etc. using dmeventd or progress polling...
         Starting Monitoring of LVM2 mirrors... dmeventd or progress polling...
[   14.475310] systemd[1]: Listening on Syslog Socket.
[[0;32m  OK  [0m] Listening on Syslog Socket.
[   14.481059] systemd[1]: Starting Journal Service...
         Starting Journal Service...
[   14.483829] systemd[1]: Listening on LVM2 poll daemon socket.
[[0;32m  OK  [0m] Listening on LVM2 poll daemon socket.
[   14.486034] systemd[1]: Mounting Debug File System...
         Mounting Debug File System...
[   14.496470] systemd[1]: Starting Create list of required static device nodes for the current kernel...
         Starting Create list of required st... nodes for the current kernel...
[   14.513633] systemd[1]: Mounting POSIX Message Queue File System...
         Mounting POSIX Message Queue File System...
[   14.526543] systemd[1]: Reached target Swap.
[[0;32m  OK  [0m] Reached target Swap.
[   14.537343] systemd[1]: Started Trigger resolvconf update for networkd DNS.
[   14.538436] iscsi: registered transport (iser)
[[0;32m  OK  [0m] Started Trigger resolvconf update for networkd DNS.
[   14.557796] systemd[1]: Mounted POSIX Message QueueFFlle System.
[[0;32m  OK  [0m] Mounted POSIX Message Queue File System.
[   15.141899] systemd[1]: Mounted Huge Pages File System.
[[0;32m  OK  [0m] Mounted Huge Pages File System.
[   15.143529] systemd[1]: Mounted Debug File System.
[[0;32m  OK  [0m] Mounted Debug File System.
[   15.145062] systemd[1]: Started Journal Service.
[[0;32m  OK  [0m] Started Journal Service.
[[0;32m  OK  [0m] Started Remount Root and Kernel File Systems.
[[0;32m  OK  [0m] Started Uncomplicated firewall.
[[0;32m  OK  [0m] Started Load Kernel Modules.
[[0;32m  OK  [0m] Started Set console keymap.
[[0;32m  OK  [0m] Started Create list of required sta...ce nodes for the current kernel.
[[0;32m  OK  [0m] Started LVM2 metadata daemon.
         Starting Create Static Device Nodes in /dev...
         Mounting FUSE Control File System...
         Starting Apply Kernel Variables...
         Starting udev Coldplug all Devices...
         Starting Load/Save Random Seed...
         Starting Flush Journal to Persistent Storage...
[[0;32m  OK  [0m] Mounted FUSE Control File System.
[[0;32m  OK  [0m] Started Nameserver information manager.
[[0;32m  OK  [0m] Started Create Static Device Nodes in /dev.
[[0;32m  OK  [0m] Started Apply Kernel Variables.
[[0;32m  OK  [0m] Started Load/Save Random Seed.
[[0;32m  OK  [0m] Started udev Coldplug all Devices.
         Starting udev Kernel Device Manager...
[[0;32m  OK  [0m] Started Flush Journal to Persistent Storage.
[[0;32m  OK  [0m] Started udev Kernel Device Manager.
[[0;32m  OK  [0m] Started Dispatch Password Requests to Console Directory Watch.
[[0;32m  OK  [0m] Started Monitoring of LVM2 mirrors,...ng dmeventd or progress polling.
[[0;32m  OK  [0m] Reached target Local File Systems (Pre).
[[0;32m  OK  [0m] Reached target Local File Systems.
         Starting Set console font and keymap...
         Starting Initial cloud-init job (pre-networking)...
         Starting LSB: AppArmor initialization...
         Starting Create Volatile Files and Directories...
         Starting Tell Plymouth To Write Out Runtime Data...
[[0;32m  OK  [0m] Started Create Volatile Files and Directories.
[[0;32m  OK  [0m] Started Tell Plymouth To Write Out Runtime Data.
[[0;32m  OK  [0m] Found device /dev/ttyS0.
[[0;32m  OK  [0m] Listening on Load/Save RF Kill Switch Status /dev/rfkill Watch.
         Starting Update UTMP about System Boot/Shutdown...
[[0;32m  OK  [0m] Found device 82540EM Gigabit Ethern...r (PRO/1000 MT Desktop Adapter).
[[0;32m  OK  [0m] Started Update UTMP about System Boot/Shutdown.
[[0;32m  OK  [0m] Started Set console font and keymap.
[[0;32m  OK  [0m] Started LSB: AppArmor initialization.
[   12.420121] cloud-init[489]: Cloud-init v. 19.4-33-gbb4131a2-0ubuntu1~16.04.1 running 'init-local' at Thu, 13 Feb 2020 08:03:29 +0000. Up 12.14 seconds.
[[0;32m  OK  [0m] Started Initial cloud-init job (pre-networking).
[[0;32m  OK  [0m] Reached target Network (Pre).
         Starting Raise network interfaces...
[[0;32m  OK  [0m] Started ifup for enp0s8.
[[0;32m  OK  [0m] Started ifup for enp0s3.
[[0;32m  OK  [0m] Created slice system-getty.slice.
[[0;32m  OK  [0m] Started Raise network interfaces.
[[0;32m  OK  [0m] Reached target Network.
         Starting Initial cloud-init job (metadata service crawler)...
[   13.026089] cloud-init[1069]: Cloud-init v. 19.4-33-gbb4131a2-0ubuntu1~16.04.1 running 'init' at Thu, 13 Feb 2020 08:03:29 +0000. Up 12.82 seconds.
[   13.168943] cloud-init[1069]: ci-info: ++++++++++++++++++++++++++++++++++++++Net device info+++++++++++++++++++++++++++++++++++++++
[[0;32m  OK  [0m] Started Initial cloud-init job (metadata service crawler).
[[0;32m  OK  [0m] Reached target Network is Online.
[   13.215904] cloud-init[1069]: ci-info: +--------+------+-----------------------------+---------------+--------+-------------------+
[   13.239414] cloud-init[1069]: ci-info: | Device |  Up  |           Address           |      Mask     | Scope  |     Hw-Address    |
[   13.260662] cloud-init[1069]: ci-info: +--------+------+-----------------------------+---------------+--------+-------------------+
[   13.262831] cloud-init[1069]: ci-info: | enp0s3 | True |          10.0.2.15          | 255.255.255.0 | global | 02:bb:f4:57:e9:87 |
         Starting iSCSI initiator daemon (iscsid)...
[[0;32m  OK  [0m] Reached target Cloud-config availability.
[[0;32m  OK  [0m] Reached target System Initialization.
         Starting Socket activation for snappy daemon.
[[0;32m  OK  [0m] Started Daily Cleanup of Temporary Directories.
[   13.267195] cloud-init[1069]: ci-info: | enp0s3 | True |  fe80::bb:f4ff:fe57:e987/64 |       .       |  link  | 02:bb:f4:57:e9:87 |
[   13.275910]          cloud-initStarting LXD - unix socket.[1069]: 
ci-info: | enp0s8 | True |        192.168.33.10        | 255.255.255.0 | global | 08:00:27:26:e9:d8 |
[   13.281239] [cloud-init[0;32m  OK  [0m[1069]: ] ci-info: | enp0s8 | True | fe80::a00:27ff:fe26:e9d8/64 |       .       |  link  | 08:00:27:26:e9:d8 |Listening on ACPID Listen Socket.

[[0;32m  OK  [0m] Listening on D-Bus System Message Bus Socket.
[   13.281549] cloud-init[1069]: ci-info: |   lo   | True |          127.0.0.1          |   255.0.0.0   |  host  |         .         |
[   13.289234] [cloud-init[0;32m  OK  [0m[1069]: ] ci-info: |   lo   | True |           ::1/128           |       .       |  host  |         .         |Started Daily apt download activities.

[[0;32m  OK  [0m] Started Clean PHP session files every 30 mins.
[[0;32m  OK  [0m] Started Daily apt upgrade and clean activities.
[   13.289561] cloud-init[1069]: ci-info: +--------+------+-----------------------------+---------------+--------+-------------------+
[   13.296748] [cloud-init[0;32m  OK  [0m[1069]: ] ci-info: ++++++++++++++++++++++++++++Route IPv4 info++++++++++++++++++++++++++++Started ACPI Events Check.

[[0;32m  OK  [0m] Reached target Paths.
[[0;32m  OK  [0m] Started Message of the Day.
[[0;32m  OK  [0m] Reached target Timers.
[[0;32m  OK  [0m] Listening on UUID daemon activation socket.
[   13.297104] cloud-init[1069]: ci-info: +-------+--------------+----------+---------------+-----------+-------+
[   13.303404] cloud-init[1069]: ci-info: | Route | Destination  | Gateway  |    Genmask    | Interface | Flags |
[   13.305685] cloud-init[1069]: ci-info: +-------+--------------+----------+---------------+-----------+-------+
[   13.308266] cloud-init[1069]: ci-info: |   0   |   0.0.0.0    | 10.0.2.2 |    0.0.0.0    |   enp0s3  |   UG  |
[   13.312945] cloud-init[1069]: ci-info: |   1   |   10.0.2.0   | 0.0.0.0  | 255.255.255.0 |   enp0s3  |   U   |
[   13.324533] [cloud-init[0;32m  OK  [0m[1069]: ] ci-info: |   2   | 192.168.33.0 | 0.0.0.0  | 255.255.255.0 |   enp0s8  |   U   |Listening on Socket activation for snappy daemon.

[[0;32m  OK  [0m] Listening on LXD - unix socket.
[[0;32m  OK  [0m] Started iSCSI initiator daemon (iscsid).
[   13.324896] cloud-init[1069]: ci-info: +-------+--------------+----------+---------------+-----------+-------+         Starting Login to default iSCSI targets...
[[0;32m  OK  [0m] Reached target Sockets.
[[0;32m  OK  [0m] Reached target Basic System.

[   13.384656] [cloud-init[0;32m  OK  [0m[1069]: ] ci-info: +++++++++++++++++++Route IPv6 info+++++++++++++++++++Started Regular background program processing daemon.

[   13.385826] cloud-init[1069]: ci-info: +-------+-------------+---------+-----------+-------+
[[0;32m  OK  [0m] Started ACPI event daemon.
[   13.559567] cloud-init[1069]: ci-info: | Route | Destination | Gateway | Interface | Flags |
[[0;32m  OK  [0m] Started Deferred execution scheduler.
[   13.625794] cloud-init[1069]: ci-info: +-------+-------------+---------+-----------+-------+
[   13.635133] cloud-init[1069]: ci-info: |   0   |  fe80::/64  |    ::   |   enp0s8  |   U   |
[   13.638554] cloud-init[1069]: ci-info: |   1   |  fe80::/64  |    ::   |   enp0s3  |   U   |
[   13.641902] cloud-init[1069]: ci-info: |   4   |   ff00::/8  |    ::   |   enp0s8  |   U   |
[[0;32m  OK  [0m] Started D-Bus System Message Bus.
[   13.648431] cloud-init[1069]: ci-info: |   5   |   ff00::/8  |    ::   |   enp0s3  |   U   |
[   13.661161] cloud-init[1069]: ci-info: +-------+-------------+---------+-----------+-------+
         Starting Accounts Service...
[[0;32m  OK  [0m] Started FUSE filesystem for LXC.
         Starting LXD - container startup/shutdown...
         Starting Login Service...
         Starting Virtualbox guest utils...
         Starting LSB: Record successful boot for GRUB...
         Starting /etc/rc.local Compatibility...
         Starting OpenBSD Secure Shell server...
         Starting System Logging Service...
         Starting LSB: MD monitoring daemon...
         Starting MySQL Community Server...
         Starting Clean php session files...
         Starting Message of the Day...
         Starting Snappy daemon...
[[0;32m  OK  [0m] Started System Logging Service.
[[0;32m  OK  [0m] Started LXD - container startup/shutdown.
[[0;32m  OK  [0m] Started /etc/rc.local Compatibility.
         Starting Authenticate and Authorize Users to Run Privileged Tasks...
[[0;32m  OK  [0m] Started Login to default iSCSI targets.
[[0;32m  OK  [0m] Started LSB: Record successful boot for GRUB.
[[0;32m  OK  [0m] Started OpenBSD Secure Shell server.
[[0;32m  OK  [0m] Started Login Service.
[[0;32m  OK  [0m] Started Unattended Upgrades Shutdown.
[[0;32m  OK  [0m] Reached target Remote File Systems (Pre).
[[0;32m  OK  [0m] Reached target Remote File Systems.
         Starting LSB: daemon to balance interrupts for SMP systems...
         Starting LSB: Set the CPU Frequency Scaling governor to "ondemand"...
         Starting LSB: Apache2 web server...
         Starting Permit User Sessions...
         Starting LSB: automatic crash report generation...
[[0;32m  OK  [0m] Started Snappy daemon.
[[0;32m  OK  [0m] Started Virtualbox guest utils.
[[0;32m  OK  [0m] Started LSB: MD monitoring daemon.
[[0;32m  OK  [0m] Started Permit User Sessions.
[[0;32m  OK  [0m] Started Authenticate and Authorize Users to Run Privileged Tasks.
[[0;32m  OK  [0m] Started Accounts Service.
         Starting Hold until boot process finishes up...
         Starting Terminate Plymouth Boot Screen...
         Starting Wait until snapd is fully seeded...
[[0;32m  OK  [0m] Started LSB: daemon to balance interrupts for SMP systems.
[[0;32m  OK  [0m] Started LSB: Set the CPU Frequency Scaling governor to "ondemand".
[[0;32m  OK  [0m] Started Hold until boot process finishes up.
[[0;32m  OK  [0m] Started Terminate Plymouth Boot Screen.
         Starting Set console scheme...
[[0;32m  OK  [0m] Started Getty on tty1.
[[0;32m  OK  [0m] Started Serial Getty on ttyS0.
[[0;32m  OK  [0m] Reached target Login Prompts.
[[0;32m  OK  [0m] Started Clean php session files.
[[0;32m  OK  [0m] Started LSB: automatic crash report generation.
[[0;32m  OK  [0m] Started Wait until snapd is fully seeded.
[[0;32m  OK  [0m] Started Set console scheme.
         Starting Apply the settings specified in cloud-config...
[[0;32m  OK  [0m] Created slice User Slice of vagrant.
         Starting User Manager for UID 1000...
[[0;32m  OK  [0m] Started User Manager for UID 1000.
[[0;32m  OK  [0m] Started Session 1 of user vagrant.
[   15.006017] cloud-init[1454]: Cloud-init v. 19.4-33-gbb4131a2-0ubuntu1~16.04.1 running 'modules:config' at Thu, 13 Feb 2020 08:03:31 +0000. Up 14.88 seconds.
[[0;32m  OK  [0m] Started Apply the settings specified in cloud-config.
[[0;32m  OK  [0m] Started MySQL Community Server.
[[0;32m  OK  [0m] Started LSB: Apache2 web server.
[[0;32m  OK  [0m] Reached target Multi-User System.
[[0;32m  OK  [0m] Reached target Graphical Interface.
         Starting Execute cloud user/final scripts...
         Starting Update UTMP about System Runlevel Changes...
[[0;32m  OK  [0m] Started Update UTMP about System Runlevel Changes.
[   15.947878] cloud-init[1571]: Cloud-init v. 19.4-33-gbb4131a2-0ubuntu1~16.04.1 running 'modules:final' at Thu, 13 Feb 2020 08:03:32 +0000. Up 15.87 seconds.
[   16.003391] cloud-init[1571]: Cloud-init v. 19.4-33-gbb4131a2-0ubuntu1~16.04.1 finished at Thu, 13 Feb 2020 08:03:32 +0000. Datasource DataSourceNoCloud [seed=/dev/sdb][dsmode=net].  Up 15.94 seconds
[[0;32m  OK  [0m] Started Execute cloud user/final scripts.
[[0;32m  OK  [0m] Reached target Cloud-init target.
         Starting Daily apt download activities...

Ubuntu 16.04.6 LTS ubuntu-xenial ttyS0

ubuntu-xenial login: 